// Jest Snapshot v1, https://goo.gl/fbAQLP

exports[`FixtureSizes basic 1`] = `
{
  "boardHeight": 600,
  "boardWidth": 800,
  "cardHeight": 80,
  "cardWidth": 55.385,
  "deck": {
    "left": 73.846,
    "top": 504,
  },
  "home": {
    "cellLeft": [
      73.846,
      141.538,
      209.231,
      276.923,
    ],
    "foundationLeft": [
      467.692,
      535.385,
      603.077,
      670.769,
    ],
    "top": 16,
  },
  "tableau": {
    "cascadeLeft": [
      123.077,
      194.286,
      265.495,
      336.703,
      407.912,
      479.121,
      550.33,
      621.538,
    ],
    "offsetTop": 24,
    "top": 120,
  },
}
`;
