// Jest Snapshot v1, https://goo.gl/fbAQLP

exports[`FixtureSizes basic 1`] = `
{
  "boardHeight": 600,
  "boardWidth": 800,
  "cardHeight": 89,
  "cardWidth": 61.538,
  "deck": {
    "left": 61.538,
    "top": 493.2,
  },
  "home": {
    "cellLeft": [
      61.538,
      133.333,
      205.128,
      276.923,
    ],
    "foundationLeft": [
      461.538,
      533.333,
      605.128,
      676.923,
    ],
    "top": 17.8,
  },
  "tableau": {
    "cascadeLeft": [
      92.308,
      171.429,
      250.549,
      329.67,
      408.791,
      487.912,
      567.033,
      646.154,
    ],
    "offsetTop": 17.8,
    "top": 133.5,
  },
}
`;
