// Jest Snapshot v1, https://goo.gl/fbAQLP

exports[`useFixtureSizes basic 1`] = `
{
  "boardHeight": 600,
  "boardWidth": 800,
  "cardHeight": 54,
  "cardWidth": 37.5,
  "deck": {
    "left": 80,
    "top": 516,
  },
  "home": {
    "cellLeft": [
      80,
      147.5,
      215,
      282.5,
    ],
    "foundationLeft": [
      480,
      547.5,
      615,
      682.5,
    ],
    "top": 30,
  },
  "tableau": {
    "cascadeLeft": [
      145,
      212.5,
      280,
      347.5,
      415,
      482.5,
      550,
      617.5,
    ],
    "offsetTop": 20,
    "top": 129,
  },
}
`;
