// Jest Snapshot v1, https://goo.gl/fbAQLP

exports[`game init 1`] = `
FreeCell {
  "availableMoves": null,
  "cards": [
    {
      "location": {
        "data": [
          0,
        ],
        "fixture": "deck",
      },
      "rank": "ace",
      "suit": "clubs",
    },
    {
      "location": {
        "data": [
          1,
        ],
        "fixture": "deck",
      },
      "rank": "ace",
      "suit": "diamonds",
    },
    {
      "location": {
        "data": [
          2,
        ],
        "fixture": "deck",
      },
      "rank": "ace",
      "suit": "hearts",
    },
    {
      "location": {
        "data": [
          3,
        ],
        "fixture": "deck",
      },
      "rank": "ace",
      "suit": "spades",
    },
    {
      "location": {
        "data": [
          4,
        ],
        "fixture": "deck",
      },
      "rank": "2",
      "suit": "clubs",
    },
    {
      "location": {
        "data": [
          5,
        ],
        "fixture": "deck",
      },
      "rank": "2",
      "suit": "diamonds",
    },
    {
      "location": {
        "data": [
          6,
        ],
        "fixture": "deck",
      },
      "rank": "2",
      "suit": "hearts",
    },
    {
      "location": {
        "data": [
          7,
        ],
        "fixture": "deck",
      },
      "rank": "2",
      "suit": "spades",
    },
    {
      "location": {
        "data": [
          8,
        ],
        "fixture": "deck",
      },
      "rank": "3",
      "suit": "clubs",
    },
    {
      "location": {
        "data": [
          9,
        ],
        "fixture": "deck",
      },
      "rank": "3",
      "suit": "diamonds",
    },
    {
      "location": {
        "data": [
          10,
        ],
        "fixture": "deck",
      },
      "rank": "3",
      "suit": "hearts",
    },
    {
      "location": {
        "data": [
          11,
        ],
        "fixture": "deck",
      },
      "rank": "3",
      "suit": "spades",
    },
    {
      "location": {
        "data": [
          12,
        ],
        "fixture": "deck",
      },
      "rank": "4",
      "suit": "clubs",
    },
    {
      "location": {
        "data": [
          13,
        ],
        "fixture": "deck",
      },
      "rank": "4",
      "suit": "diamonds",
    },
    {
      "location": {
        "data": [
          14,
        ],
        "fixture": "deck",
      },
      "rank": "4",
      "suit": "hearts",
    },
    {
      "location": {
        "data": [
          15,
        ],
        "fixture": "deck",
      },
      "rank": "4",
      "suit": "spades",
    },
    {
      "location": {
        "data": [
          16,
        ],
        "fixture": "deck",
      },
      "rank": "5",
      "suit": "clubs",
    },
    {
      "location": {
        "data": [
          17,
        ],
        "fixture": "deck",
      },
      "rank": "5",
      "suit": "diamonds",
    },
    {
      "location": {
        "data": [
          18,
        ],
        "fixture": "deck",
      },
      "rank": "5",
      "suit": "hearts",
    },
    {
      "location": {
        "data": [
          19,
        ],
        "fixture": "deck",
      },
      "rank": "5",
      "suit": "spades",
    },
    {
      "location": {
        "data": [
          20,
        ],
        "fixture": "deck",
      },
      "rank": "6",
      "suit": "clubs",
    },
    {
      "location": {
        "data": [
          21,
        ],
        "fixture": "deck",
      },
      "rank": "6",
      "suit": "diamonds",
    },
    {
      "location": {
        "data": [
          22,
        ],
        "fixture": "deck",
      },
      "rank": "6",
      "suit": "hearts",
    },
    {
      "location": {
        "data": [
          23,
        ],
        "fixture": "deck",
      },
      "rank": "6",
      "suit": "spades",
    },
    {
      "location": {
        "data": [
          24,
        ],
        "fixture": "deck",
      },
      "rank": "7",
      "suit": "clubs",
    },
    {
      "location": {
        "data": [
          25,
        ],
        "fixture": "deck",
      },
      "rank": "7",
      "suit": "diamonds",
    },
    {
      "location": {
        "data": [
          26,
        ],
        "fixture": "deck",
      },
      "rank": "7",
      "suit": "hearts",
    },
    {
      "location": {
        "data": [
          27,
        ],
        "fixture": "deck",
      },
      "rank": "7",
      "suit": "spades",
    },
    {
      "location": {
        "data": [
          28,
        ],
        "fixture": "deck",
      },
      "rank": "8",
      "suit": "clubs",
    },
    {
      "location": {
        "data": [
          29,
        ],
        "fixture": "deck",
      },
      "rank": "8",
      "suit": "diamonds",
    },
    {
      "location": {
        "data": [
          30,
        ],
        "fixture": "deck",
      },
      "rank": "8",
      "suit": "hearts",
    },
    {
      "location": {
        "data": [
          31,
        ],
        "fixture": "deck",
      },
      "rank": "8",
      "suit": "spades",
    },
    {
      "location": {
        "data": [
          32,
        ],
        "fixture": "deck",
      },
      "rank": "9",
      "suit": "clubs",
    },
    {
      "location": {
        "data": [
          33,
        ],
        "fixture": "deck",
      },
      "rank": "9",
      "suit": "diamonds",
    },
    {
      "location": {
        "data": [
          34,
        ],
        "fixture": "deck",
      },
      "rank": "9",
      "suit": "hearts",
    },
    {
      "location": {
        "data": [
          35,
        ],
        "fixture": "deck",
      },
      "rank": "9",
      "suit": "spades",
    },
    {
      "location": {
        "data": [
          36,
        ],
        "fixture": "deck",
      },
      "rank": "10",
      "suit": "clubs",
    },
    {
      "location": {
        "data": [
          37,
        ],
        "fixture": "deck",
      },
      "rank": "10",
      "suit": "diamonds",
    },
    {
      "location": {
        "data": [
          38,
        ],
        "fixture": "deck",
      },
      "rank": "10",
      "suit": "hearts",
    },
    {
      "location": {
        "data": [
          39,
        ],
        "fixture": "deck",
      },
      "rank": "10",
      "suit": "spades",
    },
    {
      "location": {
        "data": [
          40,
        ],
        "fixture": "deck",
      },
      "rank": "jack",
      "suit": "clubs",
    },
    {
      "location": {
        "data": [
          41,
        ],
        "fixture": "deck",
      },
      "rank": "jack",
      "suit": "diamonds",
    },
    {
      "location": {
        "data": [
          42,
        ],
        "fixture": "deck",
      },
      "rank": "jack",
      "suit": "hearts",
    },
    {
      "location": {
        "data": [
          43,
        ],
        "fixture": "deck",
      },
      "rank": "jack",
      "suit": "spades",
    },
    {
      "location": {
        "data": [
          44,
        ],
        "fixture": "deck",
      },
      "rank": "queen",
      "suit": "clubs",
    },
    {
      "location": {
        "data": [
          45,
        ],
        "fixture": "deck",
      },
      "rank": "queen",
      "suit": "diamonds",
    },
    {
      "location": {
        "data": [
          46,
        ],
        "fixture": "deck",
      },
      "rank": "queen",
      "suit": "hearts",
    },
    {
      "location": {
        "data": [
          47,
        ],
        "fixture": "deck",
      },
      "rank": "queen",
      "suit": "spades",
    },
    {
      "location": {
        "data": [
          48,
        ],
        "fixture": "deck",
      },
      "rank": "king",
      "suit": "clubs",
    },
    {
      "location": {
        "data": [
          49,
        ],
        "fixture": "deck",
      },
      "rank": "king",
      "suit": "diamonds",
    },
    {
      "location": {
        "data": [
          50,
        ],
        "fixture": "deck",
      },
      "rank": "king",
      "suit": "hearts",
    },
    {
      "location": {
        "data": [
          51,
        ],
        "fixture": "deck",
      },
      "rank": "king",
      "suit": "spades",
    },
  ],
  "cells": [
    null,
    null,
    null,
    null,
  ],
  "cursor": {
    "data": [
      0,
    ],
    "fixture": "cell",
  },
  "deck": [
    {
      "location": {
        "data": [
          0,
        ],
        "fixture": "deck",
      },
      "rank": "ace",
      "suit": "clubs",
    },
    {
      "location": {
        "data": [
          1,
        ],
        "fixture": "deck",
      },
      "rank": "ace",
      "suit": "diamonds",
    },
    {
      "location": {
        "data": [
          2,
        ],
        "fixture": "deck",
      },
      "rank": "ace",
      "suit": "hearts",
    },
    {
      "location": {
        "data": [
          3,
        ],
        "fixture": "deck",
      },
      "rank": "ace",
      "suit": "spades",
    },
    {
      "location": {
        "data": [
          4,
        ],
        "fixture": "deck",
      },
      "rank": "2",
      "suit": "clubs",
    },
    {
      "location": {
        "data": [
          5,
        ],
        "fixture": "deck",
      },
      "rank": "2",
      "suit": "diamonds",
    },
    {
      "location": {
        "data": [
          6,
        ],
        "fixture": "deck",
      },
      "rank": "2",
      "suit": "hearts",
    },
    {
      "location": {
        "data": [
          7,
        ],
        "fixture": "deck",
      },
      "rank": "2",
      "suit": "spades",
    },
    {
      "location": {
        "data": [
          8,
        ],
        "fixture": "deck",
      },
      "rank": "3",
      "suit": "clubs",
    },
    {
      "location": {
        "data": [
          9,
        ],
        "fixture": "deck",
      },
      "rank": "3",
      "suit": "diamonds",
    },
    {
      "location": {
        "data": [
          10,
        ],
        "fixture": "deck",
      },
      "rank": "3",
      "suit": "hearts",
    },
    {
      "location": {
        "data": [
          11,
        ],
        "fixture": "deck",
      },
      "rank": "3",
      "suit": "spades",
    },
    {
      "location": {
        "data": [
          12,
        ],
        "fixture": "deck",
      },
      "rank": "4",
      "suit": "clubs",
    },
    {
      "location": {
        "data": [
          13,
        ],
        "fixture": "deck",
      },
      "rank": "4",
      "suit": "diamonds",
    },
    {
      "location": {
        "data": [
          14,
        ],
        "fixture": "deck",
      },
      "rank": "4",
      "suit": "hearts",
    },
    {
      "location": {
        "data": [
          15,
        ],
        "fixture": "deck",
      },
      "rank": "4",
      "suit": "spades",
    },
    {
      "location": {
        "data": [
          16,
        ],
        "fixture": "deck",
      },
      "rank": "5",
      "suit": "clubs",
    },
    {
      "location": {
        "data": [
          17,
        ],
        "fixture": "deck",
      },
      "rank": "5",
      "suit": "diamonds",
    },
    {
      "location": {
        "data": [
          18,
        ],
        "fixture": "deck",
      },
      "rank": "5",
      "suit": "hearts",
    },
    {
      "location": {
        "data": [
          19,
        ],
        "fixture": "deck",
      },
      "rank": "5",
      "suit": "spades",
    },
    {
      "location": {
        "data": [
          20,
        ],
        "fixture": "deck",
      },
      "rank": "6",
      "suit": "clubs",
    },
    {
      "location": {
        "data": [
          21,
        ],
        "fixture": "deck",
      },
      "rank": "6",
      "suit": "diamonds",
    },
    {
      "location": {
        "data": [
          22,
        ],
        "fixture": "deck",
      },
      "rank": "6",
      "suit": "hearts",
    },
    {
      "location": {
        "data": [
          23,
        ],
        "fixture": "deck",
      },
      "rank": "6",
      "suit": "spades",
    },
    {
      "location": {
        "data": [
          24,
        ],
        "fixture": "deck",
      },
      "rank": "7",
      "suit": "clubs",
    },
    {
      "location": {
        "data": [
          25,
        ],
        "fixture": "deck",
      },
      "rank": "7",
      "suit": "diamonds",
    },
    {
      "location": {
        "data": [
          26,
        ],
        "fixture": "deck",
      },
      "rank": "7",
      "suit": "hearts",
    },
    {
      "location": {
        "data": [
          27,
        ],
        "fixture": "deck",
      },
      "rank": "7",
      "suit": "spades",
    },
    {
      "location": {
        "data": [
          28,
        ],
        "fixture": "deck",
      },
      "rank": "8",
      "suit": "clubs",
    },
    {
      "location": {
        "data": [
          29,
        ],
        "fixture": "deck",
      },
      "rank": "8",
      "suit": "diamonds",
    },
    {
      "location": {
        "data": [
          30,
        ],
        "fixture": "deck",
      },
      "rank": "8",
      "suit": "hearts",
    },
    {
      "location": {
        "data": [
          31,
        ],
        "fixture": "deck",
      },
      "rank": "8",
      "suit": "spades",
    },
    {
      "location": {
        "data": [
          32,
        ],
        "fixture": "deck",
      },
      "rank": "9",
      "suit": "clubs",
    },
    {
      "location": {
        "data": [
          33,
        ],
        "fixture": "deck",
      },
      "rank": "9",
      "suit": "diamonds",
    },
    {
      "location": {
        "data": [
          34,
        ],
        "fixture": "deck",
      },
      "rank": "9",
      "suit": "hearts",
    },
    {
      "location": {
        "data": [
          35,
        ],
        "fixture": "deck",
      },
      "rank": "9",
      "suit": "spades",
    },
    {
      "location": {
        "data": [
          36,
        ],
        "fixture": "deck",
      },
      "rank": "10",
      "suit": "clubs",
    },
    {
      "location": {
        "data": [
          37,
        ],
        "fixture": "deck",
      },
      "rank": "10",
      "suit": "diamonds",
    },
    {
      "location": {
        "data": [
          38,
        ],
        "fixture": "deck",
      },
      "rank": "10",
      "suit": "hearts",
    },
    {
      "location": {
        "data": [
          39,
        ],
        "fixture": "deck",
      },
      "rank": "10",
      "suit": "spades",
    },
    {
      "location": {
        "data": [
          40,
        ],
        "fixture": "deck",
      },
      "rank": "jack",
      "suit": "clubs",
    },
    {
      "location": {
        "data": [
          41,
        ],
        "fixture": "deck",
      },
      "rank": "jack",
      "suit": "diamonds",
    },
    {
      "location": {
        "data": [
          42,
        ],
        "fixture": "deck",
      },
      "rank": "jack",
      "suit": "hearts",
    },
    {
      "location": {
        "data": [
          43,
        ],
        "fixture": "deck",
      },
      "rank": "jack",
      "suit": "spades",
    },
    {
      "location": {
        "data": [
          44,
        ],
        "fixture": "deck",
      },
      "rank": "queen",
      "suit": "clubs",
    },
    {
      "location": {
        "data": [
          45,
        ],
        "fixture": "deck",
      },
      "rank": "queen",
      "suit": "diamonds",
    },
    {
      "location": {
        "data": [
          46,
        ],
        "fixture": "deck",
      },
      "rank": "queen",
      "suit": "hearts",
    },
    {
      "location": {
        "data": [
          47,
        ],
        "fixture": "deck",
      },
      "rank": "queen",
      "suit": "spades",
    },
    {
      "location": {
        "data": [
          48,
        ],
        "fixture": "deck",
      },
      "rank": "king",
      "suit": "clubs",
    },
    {
      "location": {
        "data": [
          49,
        ],
        "fixture": "deck",
      },
      "rank": "king",
      "suit": "diamonds",
    },
    {
      "location": {
        "data": [
          50,
        ],
        "fixture": "deck",
      },
      "rank": "king",
      "suit": "hearts",
    },
    {
      "location": {
        "data": [
          51,
        ],
        "fixture": "deck",
      },
      "rank": "king",
      "suit": "spades",
    },
  ],
  "foundations": [
    null,
    null,
    null,
    null,
  ],
  "previousAction": {
    "text": "init",
    "type": "init",
  },
  "selection": null,
  "tableau": [
    [],
    [],
    [],
    [],
    [],
    [],
    [],
    [],
  ],
  "win": false,
}
`;

exports[`game parse win state 4 cascades 1`] = `
">············KC·KD·KH·KS·
·············
:·YOU·WIN·!·:
·············
·hand-jammed"
`;

exports[`game parse win state 5 cascades 1`] = `
">············KC·KD·KH·KS·
················
:··YOU·WIN·!···:
················
·hand-jammed"
`;

exports[`game parse win state 6 cascades 1`] = `
">············KC·KD·KH·KS·
···················
:·Y·O·U···W·I·N·!·:
···················
·hand-jammed"
`;

exports[`game parse win state 7 cascades 1`] = `
">············KC·KD·KH·KS·
······················
:··Y·O·U···W·I·N·!···:
······················
·hand-jammed"
`;

exports[`game parse win state 8 cascades 1`] = `
">············KC·KD·KH·KS·
·························
:····Y·O·U···W·I·N·!····:
·························
·hand-jammed"
`;

exports[`game parse win state 9 cascades 1`] = `
">············KC·KD·KH·KS·
····························
:·····Y·O·U···W·I·N·!······:
····························
·hand-jammed"
`;

exports[`game parse win state 10 cascades 1`] = `
">············KC·KD·KH·KS·
·······························
:·······Y·O·U···W·I·N·!·······:
·······························
·hand-jammed"
`;

exports[`game parse win state first 1`] = `
FreeCell {
  "availableMoves": null,
  "cards": [
    {
      "location": {
        "data": [
          0,
        ],
        "fixture": "foundation",
      },
      "rank": "ace",
      "suit": "clubs",
    },
    {
      "location": {
        "data": [
          1,
        ],
        "fixture": "foundation",
      },
      "rank": "ace",
      "suit": "diamonds",
    },
    {
      "location": {
        "data": [
          2,
        ],
        "fixture": "foundation",
      },
      "rank": "ace",
      "suit": "hearts",
    },
    {
      "location": {
        "data": [
          3,
        ],
        "fixture": "foundation",
      },
      "rank": "ace",
      "suit": "spades",
    },
    {
      "location": {
        "data": [
          0,
        ],
        "fixture": "foundation",
      },
      "rank": "2",
      "suit": "clubs",
    },
    {
      "location": {
        "data": [
          1,
        ],
        "fixture": "foundation",
      },
      "rank": "2",
      "suit": "diamonds",
    },
    {
      "location": {
        "data": [
          2,
        ],
        "fixture": "foundation",
      },
      "rank": "2",
      "suit": "hearts",
    },
    {
      "location": {
        "data": [
          3,
        ],
        "fixture": "foundation",
      },
      "rank": "2",
      "suit": "spades",
    },
    {
      "location": {
        "data": [
          0,
        ],
        "fixture": "foundation",
      },
      "rank": "3",
      "suit": "clubs",
    },
    {
      "location": {
        "data": [
          1,
        ],
        "fixture": "foundation",
      },
      "rank": "3",
      "suit": "diamonds",
    },
    {
      "location": {
        "data": [
          2,
        ],
        "fixture": "foundation",
      },
      "rank": "3",
      "suit": "hearts",
    },
    {
      "location": {
        "data": [
          3,
        ],
        "fixture": "foundation",
      },
      "rank": "3",
      "suit": "spades",
    },
    {
      "location": {
        "data": [
          0,
        ],
        "fixture": "foundation",
      },
      "rank": "4",
      "suit": "clubs",
    },
    {
      "location": {
        "data": [
          1,
        ],
        "fixture": "foundation",
      },
      "rank": "4",
      "suit": "diamonds",
    },
    {
      "location": {
        "data": [
          2,
        ],
        "fixture": "foundation",
      },
      "rank": "4",
      "suit": "hearts",
    },
    {
      "location": {
        "data": [
          3,
        ],
        "fixture": "foundation",
      },
      "rank": "4",
      "suit": "spades",
    },
    {
      "location": {
        "data": [
          0,
        ],
        "fixture": "foundation",
      },
      "rank": "5",
      "suit": "clubs",
    },
    {
      "location": {
        "data": [
          1,
        ],
        "fixture": "foundation",
      },
      "rank": "5",
      "suit": "diamonds",
    },
    {
      "location": {
        "data": [
          2,
        ],
        "fixture": "foundation",
      },
      "rank": "5",
      "suit": "hearts",
    },
    {
      "location": {
        "data": [
          3,
        ],
        "fixture": "foundation",
      },
      "rank": "5",
      "suit": "spades",
    },
    {
      "location": {
        "data": [
          0,
        ],
        "fixture": "foundation",
      },
      "rank": "6",
      "suit": "clubs",
    },
    {
      "location": {
        "data": [
          1,
        ],
        "fixture": "foundation",
      },
      "rank": "6",
      "suit": "diamonds",
    },
    {
      "location": {
        "data": [
          2,
        ],
        "fixture": "foundation",
      },
      "rank": "6",
      "suit": "hearts",
    },
    {
      "location": {
        "data": [
          3,
        ],
        "fixture": "foundation",
      },
      "rank": "6",
      "suit": "spades",
    },
    {
      "location": {
        "data": [
          0,
        ],
        "fixture": "foundation",
      },
      "rank": "7",
      "suit": "clubs",
    },
    {
      "location": {
        "data": [
          1,
        ],
        "fixture": "foundation",
      },
      "rank": "7",
      "suit": "diamonds",
    },
    {
      "location": {
        "data": [
          2,
        ],
        "fixture": "foundation",
      },
      "rank": "7",
      "suit": "hearts",
    },
    {
      "location": {
        "data": [
          3,
        ],
        "fixture": "foundation",
      },
      "rank": "7",
      "suit": "spades",
    },
    {
      "location": {
        "data": [
          0,
        ],
        "fixture": "foundation",
      },
      "rank": "8",
      "suit": "clubs",
    },
    {
      "location": {
        "data": [
          1,
        ],
        "fixture": "foundation",
      },
      "rank": "8",
      "suit": "diamonds",
    },
    {
      "location": {
        "data": [
          2,
        ],
        "fixture": "foundation",
      },
      "rank": "8",
      "suit": "hearts",
    },
    {
      "location": {
        "data": [
          3,
        ],
        "fixture": "foundation",
      },
      "rank": "8",
      "suit": "spades",
    },
    {
      "location": {
        "data": [
          0,
        ],
        "fixture": "foundation",
      },
      "rank": "9",
      "suit": "clubs",
    },
    {
      "location": {
        "data": [
          1,
        ],
        "fixture": "foundation",
      },
      "rank": "9",
      "suit": "diamonds",
    },
    {
      "location": {
        "data": [
          2,
        ],
        "fixture": "foundation",
      },
      "rank": "9",
      "suit": "hearts",
    },
    {
      "location": {
        "data": [
          3,
        ],
        "fixture": "foundation",
      },
      "rank": "9",
      "suit": "spades",
    },
    {
      "location": {
        "data": [
          0,
        ],
        "fixture": "foundation",
      },
      "rank": "10",
      "suit": "clubs",
    },
    {
      "location": {
        "data": [
          1,
        ],
        "fixture": "foundation",
      },
      "rank": "10",
      "suit": "diamonds",
    },
    {
      "location": {
        "data": [
          2,
        ],
        "fixture": "foundation",
      },
      "rank": "10",
      "suit": "hearts",
    },
    {
      "location": {
        "data": [
          3,
        ],
        "fixture": "foundation",
      },
      "rank": "10",
      "suit": "spades",
    },
    {
      "location": {
        "data": [
          0,
        ],
        "fixture": "foundation",
      },
      "rank": "jack",
      "suit": "clubs",
    },
    {
      "location": {
        "data": [
          1,
        ],
        "fixture": "foundation",
      },
      "rank": "jack",
      "suit": "diamonds",
    },
    {
      "location": {
        "data": [
          2,
        ],
        "fixture": "foundation",
      },
      "rank": "jack",
      "suit": "hearts",
    },
    {
      "location": {
        "data": [
          3,
        ],
        "fixture": "foundation",
      },
      "rank": "jack",
      "suit": "spades",
    },
    {
      "location": {
        "data": [
          0,
        ],
        "fixture": "foundation",
      },
      "rank": "queen",
      "suit": "clubs",
    },
    {
      "location": {
        "data": [
          1,
        ],
        "fixture": "foundation",
      },
      "rank": "queen",
      "suit": "diamonds",
    },
    {
      "location": {
        "data": [
          2,
        ],
        "fixture": "foundation",
      },
      "rank": "queen",
      "suit": "hearts",
    },
    {
      "location": {
        "data": [
          3,
        ],
        "fixture": "foundation",
      },
      "rank": "queen",
      "suit": "spades",
    },
    {
      "location": {
        "data": [
          0,
        ],
        "fixture": "foundation",
      },
      "rank": "king",
      "suit": "clubs",
    },
    {
      "location": {
        "data": [
          1,
        ],
        "fixture": "foundation",
      },
      "rank": "king",
      "suit": "diamonds",
    },
    {
      "location": {
        "data": [
          2,
        ],
        "fixture": "foundation",
      },
      "rank": "king",
      "suit": "hearts",
    },
    {
      "location": {
        "data": [
          3,
        ],
        "fixture": "foundation",
      },
      "rank": "king",
      "suit": "spades",
    },
  ],
  "cells": [
    null,
    null,
    null,
    null,
  ],
  "cursor": {
    "data": [
      0,
    ],
    "fixture": "cell",
  },
  "deck": [],
  "foundations": [
    {
      "location": {
        "data": [
          0,
        ],
        "fixture": "foundation",
      },
      "rank": "king",
      "suit": "clubs",
    },
    {
      "location": {
        "data": [
          1,
        ],
        "fixture": "foundation",
      },
      "rank": "king",
      "suit": "diamonds",
    },
    {
      "location": {
        "data": [
          2,
        ],
        "fixture": "foundation",
      },
      "rank": "king",
      "suit": "hearts",
    },
    {
      "location": {
        "data": [
          3,
        ],
        "fixture": "foundation",
      },
      "rank": "king",
      "suit": "spades",
    },
  ],
  "previousAction": {
    "text": "hand-jammed",
    "type": "init",
  },
  "selection": null,
  "tableau": [
    [],
    [],
    [],
    [],
    [],
    [],
    [],
    [],
  ],
  "win": true,
}
`;
