// Jest Snapshot v1, https://goo.gl/fbAQLP

exports[`game init 1`] = `
FreeCell {
  "cards": [
    {
      "location": {
        "data": [
          0,
        ],
        "fixture": "deck",
      },
      "rank": "ace",
      "suit": "clubs",
    },
    {
      "location": {
        "data": [
          1,
        ],
        "fixture": "deck",
      },
      "rank": "ace",
      "suit": "diamonds",
    },
    {
      "location": {
        "data": [
          2,
        ],
        "fixture": "deck",
      },
      "rank": "ace",
      "suit": "hearts",
    },
    {
      "location": {
        "data": [
          3,
        ],
        "fixture": "deck",
      },
      "rank": "ace",
      "suit": "spades",
    },
    {
      "location": {
        "data": [
          4,
        ],
        "fixture": "deck",
      },
      "rank": "2",
      "suit": "clubs",
    },
    {
      "location": {
        "data": [
          5,
        ],
        "fixture": "deck",
      },
      "rank": "2",
      "suit": "diamonds",
    },
    {
      "location": {
        "data": [
          6,
        ],
        "fixture": "deck",
      },
      "rank": "2",
      "suit": "hearts",
    },
    {
      "location": {
        "data": [
          7,
        ],
        "fixture": "deck",
      },
      "rank": "2",
      "suit": "spades",
    },
    {
      "location": {
        "data": [
          8,
        ],
        "fixture": "deck",
      },
      "rank": "3",
      "suit": "clubs",
    },
    {
      "location": {
        "data": [
          9,
        ],
        "fixture": "deck",
      },
      "rank": "3",
      "suit": "diamonds",
    },
    {
      "location": {
        "data": [
          10,
        ],
        "fixture": "deck",
      },
      "rank": "3",
      "suit": "hearts",
    },
    {
      "location": {
        "data": [
          11,
        ],
        "fixture": "deck",
      },
      "rank": "3",
      "suit": "spades",
    },
    {
      "location": {
        "data": [
          12,
        ],
        "fixture": "deck",
      },
      "rank": "4",
      "suit": "clubs",
    },
    {
      "location": {
        "data": [
          13,
        ],
        "fixture": "deck",
      },
      "rank": "4",
      "suit": "diamonds",
    },
    {
      "location": {
        "data": [
          14,
        ],
        "fixture": "deck",
      },
      "rank": "4",
      "suit": "hearts",
    },
    {
      "location": {
        "data": [
          15,
        ],
        "fixture": "deck",
      },
      "rank": "4",
      "suit": "spades",
    },
    {
      "location": {
        "data": [
          16,
        ],
        "fixture": "deck",
      },
      "rank": "5",
      "suit": "clubs",
    },
    {
      "location": {
        "data": [
          17,
        ],
        "fixture": "deck",
      },
      "rank": "5",
      "suit": "diamonds",
    },
    {
      "location": {
        "data": [
          18,
        ],
        "fixture": "deck",
      },
      "rank": "5",
      "suit": "hearts",
    },
    {
      "location": {
        "data": [
          19,
        ],
        "fixture": "deck",
      },
      "rank": "5",
      "suit": "spades",
    },
    {
      "location": {
        "data": [
          20,
        ],
        "fixture": "deck",
      },
      "rank": "6",
      "suit": "clubs",
    },
    {
      "location": {
        "data": [
          21,
        ],
        "fixture": "deck",
      },
      "rank": "6",
      "suit": "diamonds",
    },
    {
      "location": {
        "data": [
          22,
        ],
        "fixture": "deck",
      },
      "rank": "6",
      "suit": "hearts",
    },
    {
      "location": {
        "data": [
          23,
        ],
        "fixture": "deck",
      },
      "rank": "6",
      "suit": "spades",
    },
    {
      "location": {
        "data": [
          24,
        ],
        "fixture": "deck",
      },
      "rank": "7",
      "suit": "clubs",
    },
    {
      "location": {
        "data": [
          25,
        ],
        "fixture": "deck",
      },
      "rank": "7",
      "suit": "diamonds",
    },
    {
      "location": {
        "data": [
          26,
        ],
        "fixture": "deck",
      },
      "rank": "7",
      "suit": "hearts",
    },
    {
      "location": {
        "data": [
          27,
        ],
        "fixture": "deck",
      },
      "rank": "7",
      "suit": "spades",
    },
    {
      "location": {
        "data": [
          28,
        ],
        "fixture": "deck",
      },
      "rank": "8",
      "suit": "clubs",
    },
    {
      "location": {
        "data": [
          29,
        ],
        "fixture": "deck",
      },
      "rank": "8",
      "suit": "diamonds",
    },
    {
      "location": {
        "data": [
          30,
        ],
        "fixture": "deck",
      },
      "rank": "8",
      "suit": "hearts",
    },
    {
      "location": {
        "data": [
          31,
        ],
        "fixture": "deck",
      },
      "rank": "8",
      "suit": "spades",
    },
    {
      "location": {
        "data": [
          32,
        ],
        "fixture": "deck",
      },
      "rank": "9",
      "suit": "clubs",
    },
    {
      "location": {
        "data": [
          33,
        ],
        "fixture": "deck",
      },
      "rank": "9",
      "suit": "diamonds",
    },
    {
      "location": {
        "data": [
          34,
        ],
        "fixture": "deck",
      },
      "rank": "9",
      "suit": "hearts",
    },
    {
      "location": {
        "data": [
          35,
        ],
        "fixture": "deck",
      },
      "rank": "9",
      "suit": "spades",
    },
    {
      "location": {
        "data": [
          36,
        ],
        "fixture": "deck",
      },
      "rank": "10",
      "suit": "clubs",
    },
    {
      "location": {
        "data": [
          37,
        ],
        "fixture": "deck",
      },
      "rank": "10",
      "suit": "diamonds",
    },
    {
      "location": {
        "data": [
          38,
        ],
        "fixture": "deck",
      },
      "rank": "10",
      "suit": "hearts",
    },
    {
      "location": {
        "data": [
          39,
        ],
        "fixture": "deck",
      },
      "rank": "10",
      "suit": "spades",
    },
    {
      "location": {
        "data": [
          40,
        ],
        "fixture": "deck",
      },
      "rank": "jack",
      "suit": "clubs",
    },
    {
      "location": {
        "data": [
          41,
        ],
        "fixture": "deck",
      },
      "rank": "jack",
      "suit": "diamonds",
    },
    {
      "location": {
        "data": [
          42,
        ],
        "fixture": "deck",
      },
      "rank": "jack",
      "suit": "hearts",
    },
    {
      "location": {
        "data": [
          43,
        ],
        "fixture": "deck",
      },
      "rank": "jack",
      "suit": "spades",
    },
    {
      "location": {
        "data": [
          44,
        ],
        "fixture": "deck",
      },
      "rank": "queen",
      "suit": "clubs",
    },
    {
      "location": {
        "data": [
          45,
        ],
        "fixture": "deck",
      },
      "rank": "queen",
      "suit": "diamonds",
    },
    {
      "location": {
        "data": [
          46,
        ],
        "fixture": "deck",
      },
      "rank": "queen",
      "suit": "hearts",
    },
    {
      "location": {
        "data": [
          47,
        ],
        "fixture": "deck",
      },
      "rank": "queen",
      "suit": "spades",
    },
    {
      "location": {
        "data": [
          48,
        ],
        "fixture": "deck",
      },
      "rank": "king",
      "suit": "clubs",
    },
    {
      "location": {
        "data": [
          49,
        ],
        "fixture": "deck",
      },
      "rank": "king",
      "suit": "diamonds",
    },
    {
      "location": {
        "data": [
          50,
        ],
        "fixture": "deck",
      },
      "rank": "king",
      "suit": "hearts",
    },
    {
      "location": {
        "data": [
          51,
        ],
        "fixture": "deck",
      },
      "rank": "king",
      "suit": "spades",
    },
  ],
  "cells": [
    null,
    null,
    null,
    null,
  ],
  "deck": [
    {
      "location": {
        "data": [
          0,
        ],
        "fixture": "deck",
      },
      "rank": "ace",
      "suit": "clubs",
    },
    {
      "location": {
        "data": [
          1,
        ],
        "fixture": "deck",
      },
      "rank": "ace",
      "suit": "diamonds",
    },
    {
      "location": {
        "data": [
          2,
        ],
        "fixture": "deck",
      },
      "rank": "ace",
      "suit": "hearts",
    },
    {
      "location": {
        "data": [
          3,
        ],
        "fixture": "deck",
      },
      "rank": "ace",
      "suit": "spades",
    },
    {
      "location": {
        "data": [
          4,
        ],
        "fixture": "deck",
      },
      "rank": "2",
      "suit": "clubs",
    },
    {
      "location": {
        "data": [
          5,
        ],
        "fixture": "deck",
      },
      "rank": "2",
      "suit": "diamonds",
    },
    {
      "location": {
        "data": [
          6,
        ],
        "fixture": "deck",
      },
      "rank": "2",
      "suit": "hearts",
    },
    {
      "location": {
        "data": [
          7,
        ],
        "fixture": "deck",
      },
      "rank": "2",
      "suit": "spades",
    },
    {
      "location": {
        "data": [
          8,
        ],
        "fixture": "deck",
      },
      "rank": "3",
      "suit": "clubs",
    },
    {
      "location": {
        "data": [
          9,
        ],
        "fixture": "deck",
      },
      "rank": "3",
      "suit": "diamonds",
    },
    {
      "location": {
        "data": [
          10,
        ],
        "fixture": "deck",
      },
      "rank": "3",
      "suit": "hearts",
    },
    {
      "location": {
        "data": [
          11,
        ],
        "fixture": "deck",
      },
      "rank": "3",
      "suit": "spades",
    },
    {
      "location": {
        "data": [
          12,
        ],
        "fixture": "deck",
      },
      "rank": "4",
      "suit": "clubs",
    },
    {
      "location": {
        "data": [
          13,
        ],
        "fixture": "deck",
      },
      "rank": "4",
      "suit": "diamonds",
    },
    {
      "location": {
        "data": [
          14,
        ],
        "fixture": "deck",
      },
      "rank": "4",
      "suit": "hearts",
    },
    {
      "location": {
        "data": [
          15,
        ],
        "fixture": "deck",
      },
      "rank": "4",
      "suit": "spades",
    },
    {
      "location": {
        "data": [
          16,
        ],
        "fixture": "deck",
      },
      "rank": "5",
      "suit": "clubs",
    },
    {
      "location": {
        "data": [
          17,
        ],
        "fixture": "deck",
      },
      "rank": "5",
      "suit": "diamonds",
    },
    {
      "location": {
        "data": [
          18,
        ],
        "fixture": "deck",
      },
      "rank": "5",
      "suit": "hearts",
    },
    {
      "location": {
        "data": [
          19,
        ],
        "fixture": "deck",
      },
      "rank": "5",
      "suit": "spades",
    },
    {
      "location": {
        "data": [
          20,
        ],
        "fixture": "deck",
      },
      "rank": "6",
      "suit": "clubs",
    },
    {
      "location": {
        "data": [
          21,
        ],
        "fixture": "deck",
      },
      "rank": "6",
      "suit": "diamonds",
    },
    {
      "location": {
        "data": [
          22,
        ],
        "fixture": "deck",
      },
      "rank": "6",
      "suit": "hearts",
    },
    {
      "location": {
        "data": [
          23,
        ],
        "fixture": "deck",
      },
      "rank": "6",
      "suit": "spades",
    },
    {
      "location": {
        "data": [
          24,
        ],
        "fixture": "deck",
      },
      "rank": "7",
      "suit": "clubs",
    },
    {
      "location": {
        "data": [
          25,
        ],
        "fixture": "deck",
      },
      "rank": "7",
      "suit": "diamonds",
    },
    {
      "location": {
        "data": [
          26,
        ],
        "fixture": "deck",
      },
      "rank": "7",
      "suit": "hearts",
    },
    {
      "location": {
        "data": [
          27,
        ],
        "fixture": "deck",
      },
      "rank": "7",
      "suit": "spades",
    },
    {
      "location": {
        "data": [
          28,
        ],
        "fixture": "deck",
      },
      "rank": "8",
      "suit": "clubs",
    },
    {
      "location": {
        "data": [
          29,
        ],
        "fixture": "deck",
      },
      "rank": "8",
      "suit": "diamonds",
    },
    {
      "location": {
        "data": [
          30,
        ],
        "fixture": "deck",
      },
      "rank": "8",
      "suit": "hearts",
    },
    {
      "location": {
        "data": [
          31,
        ],
        "fixture": "deck",
      },
      "rank": "8",
      "suit": "spades",
    },
    {
      "location": {
        "data": [
          32,
        ],
        "fixture": "deck",
      },
      "rank": "9",
      "suit": "clubs",
    },
    {
      "location": {
        "data": [
          33,
        ],
        "fixture": "deck",
      },
      "rank": "9",
      "suit": "diamonds",
    },
    {
      "location": {
        "data": [
          34,
        ],
        "fixture": "deck",
      },
      "rank": "9",
      "suit": "hearts",
    },
    {
      "location": {
        "data": [
          35,
        ],
        "fixture": "deck",
      },
      "rank": "9",
      "suit": "spades",
    },
    {
      "location": {
        "data": [
          36,
        ],
        "fixture": "deck",
      },
      "rank": "10",
      "suit": "clubs",
    },
    {
      "location": {
        "data": [
          37,
        ],
        "fixture": "deck",
      },
      "rank": "10",
      "suit": "diamonds",
    },
    {
      "location": {
        "data": [
          38,
        ],
        "fixture": "deck",
      },
      "rank": "10",
      "suit": "hearts",
    },
    {
      "location": {
        "data": [
          39,
        ],
        "fixture": "deck",
      },
      "rank": "10",
      "suit": "spades",
    },
    {
      "location": {
        "data": [
          40,
        ],
        "fixture": "deck",
      },
      "rank": "jack",
      "suit": "clubs",
    },
    {
      "location": {
        "data": [
          41,
        ],
        "fixture": "deck",
      },
      "rank": "jack",
      "suit": "diamonds",
    },
    {
      "location": {
        "data": [
          42,
        ],
        "fixture": "deck",
      },
      "rank": "jack",
      "suit": "hearts",
    },
    {
      "location": {
        "data": [
          43,
        ],
        "fixture": "deck",
      },
      "rank": "jack",
      "suit": "spades",
    },
    {
      "location": {
        "data": [
          44,
        ],
        "fixture": "deck",
      },
      "rank": "queen",
      "suit": "clubs",
    },
    {
      "location": {
        "data": [
          45,
        ],
        "fixture": "deck",
      },
      "rank": "queen",
      "suit": "diamonds",
    },
    {
      "location": {
        "data": [
          46,
        ],
        "fixture": "deck",
      },
      "rank": "queen",
      "suit": "hearts",
    },
    {
      "location": {
        "data": [
          47,
        ],
        "fixture": "deck",
      },
      "rank": "queen",
      "suit": "spades",
    },
    {
      "location": {
        "data": [
          48,
        ],
        "fixture": "deck",
      },
      "rank": "king",
      "suit": "clubs",
    },
    {
      "location": {
        "data": [
          49,
        ],
        "fixture": "deck",
      },
      "rank": "king",
      "suit": "diamonds",
    },
    {
      "location": {
        "data": [
          50,
        ],
        "fixture": "deck",
      },
      "rank": "king",
      "suit": "hearts",
    },
    {
      "location": {
        "data": [
          51,
        ],
        "fixture": "deck",
      },
      "rank": "king",
      "suit": "spades",
    },
  ],
  "foundations": [
    null,
    null,
    null,
    null,
  ],
  "tableau": [
    [],
    [],
    [],
    [],
    [],
    [],
    [],
    [],
  ],
}
`;

exports[`game shuffle32 Game #1 1`] = `
FreeCell {
  "cards": [
    {
      "location": {
        "data": [
          5,
          3,
        ],
        "fixture": "cascade",
      },
      "rank": "ace",
      "suit": "clubs",
    },
    {
      "location": {
        "data": [
          4,
          1,
        ],
        "fixture": "cascade",
      },
      "rank": "ace",
      "suit": "diamonds",
    },
    {
      "location": {
        "data": [
          6,
          2,
        ],
        "fixture": "cascade",
      },
      "rank": "ace",
      "suit": "hearts",
    },
    {
      "location": {
        "data": [
          5,
          2,
        ],
        "fixture": "cascade",
      },
      "rank": "ace",
      "suit": "spades",
    },
    {
      "location": {
        "data": [
          5,
          4,
        ],
        "fixture": "cascade",
      },
      "rank": "2",
      "suit": "clubs",
    },
    {
      "location": {
        "data": [
          1,
          0,
        ],
        "fixture": "cascade",
      },
      "rank": "2",
      "suit": "diamonds",
    },
    {
      "location": {
        "data": [
          2,
          6,
        ],
        "fixture": "cascade",
      },
      "rank": "2",
      "suit": "hearts",
    },
    {
      "location": {
        "data": [
          0,
          2,
        ],
        "fixture": "cascade",
      },
      "rank": "2",
      "suit": "spades",
    },
    {
      "location": {
        "data": [
          7,
          2,
        ],
        "fixture": "cascade",
      },
      "rank": "3",
      "suit": "clubs",
    },
    {
      "location": {
        "data": [
          5,
          5,
        ],
        "fixture": "cascade",
      },
      "rank": "3",
      "suit": "diamonds",
    },
    {
      "location": {
        "data": [
          7,
          1,
        ],
        "fixture": "cascade",
      },
      "rank": "3",
      "suit": "hearts",
    },
    {
      "location": {
        "data": [
          0,
          4,
        ],
        "fixture": "cascade",
      },
      "rank": "3",
      "suit": "spades",
    },
    {
      "location": {
        "data": [
          0,
          3,
        ],
        "fixture": "cascade",
      },
      "rank": "4",
      "suit": "clubs",
    },
    {
      "location": {
        "data": [
          6,
          3,
        ],
        "fixture": "cascade",
      },
      "rank": "4",
      "suit": "diamonds",
    },
    {
      "location": {
        "data": [
          4,
          3,
        ],
        "fixture": "cascade",
      },
      "rank": "4",
      "suit": "hearts",
    },
    {
      "location": {
        "data": [
          2,
          4,
        ],
        "fixture": "cascade",
      },
      "rank": "4",
      "suit": "spades",
    },
    {
      "location": {
        "data": [
          1,
          3,
        ],
        "fixture": "cascade",
      },
      "rank": "5",
      "suit": "clubs",
    },
    {
      "location": {
        "data": [
          4,
          0,
        ],
        "fixture": "cascade",
      },
      "rank": "5",
      "suit": "diamonds",
    },
    {
      "location": {
        "data": [
          7,
          0,
        ],
        "fixture": "cascade",
      },
      "rank": "5",
      "suit": "hearts",
    },
    {
      "location": {
        "data": [
          3,
          1,
        ],
        "fixture": "cascade",
      },
      "rank": "5",
      "suit": "spades",
    },
    {
      "location": {
        "data": [
          4,
          5,
        ],
        "fixture": "cascade",
      },
      "rank": "6",
      "suit": "clubs",
    },
    {
      "location": {
        "data": [
          0,
          5,
        ],
        "fixture": "cascade",
      },
      "rank": "6",
      "suit": "diamonds",
    },
    {
      "location": {
        "data": [
          3,
          6,
        ],
        "fixture": "cascade",
      },
      "rank": "6",
      "suit": "hearts",
    },
    {
      "location": {
        "data": [
          0,
          6,
        ],
        "fixture": "cascade",
      },
      "rank": "6",
      "suit": "spades",
    },
    {
      "location": {
        "data": [
          6,
          0,
        ],
        "fixture": "cascade",
      },
      "rank": "7",
      "suit": "clubs",
    },
    {
      "location": {
        "data": [
          7,
          4,
        ],
        "fixture": "cascade",
      },
      "rank": "7",
      "suit": "diamonds",
    },
    {
      "location": {
        "data": [
          5,
          0,
        ],
        "fixture": "cascade",
      },
      "rank": "7",
      "suit": "hearts",
    },
    {
      "location": {
        "data": [
          7,
          3,
        ],
        "fixture": "cascade",
      },
      "rank": "7",
      "suit": "spades",
    },
    {
      "location": {
        "data": [
          6,
          5,
        ],
        "fixture": "cascade",
      },
      "rank": "8",
      "suit": "clubs",
    },
    {
      "location": {
        "data": [
          2,
          5,
        ],
        "fixture": "cascade",
      },
      "rank": "8",
      "suit": "diamonds",
    },
    {
      "location": {
        "data": [
          4,
          4,
        ],
        "fixture": "cascade",
      },
      "rank": "8",
      "suit": "hearts",
    },
    {
      "location": {
        "data": [
          1,
          5,
        ],
        "fixture": "cascade",
      },
      "rank": "8",
      "suit": "spades",
    },
    {
      "location": {
        "data": [
          1,
          6,
        ],
        "fixture": "cascade",
      },
      "rank": "9",
      "suit": "clubs",
    },
    {
      "location": {
        "data": [
          2,
          2,
        ],
        "fixture": "cascade",
      },
      "rank": "9",
      "suit": "diamonds",
    },
    {
      "location": {
        "data": [
          2,
          0,
        ],
        "fixture": "cascade",
      },
      "rank": "9",
      "suit": "hearts",
    },
    {
      "location": {
        "data": [
          2,
          1,
        ],
        "fixture": "cascade",
      },
      "rank": "9",
      "suit": "spades",
    },
    {
      "location": {
        "data": [
          7,
          5,
        ],
        "fixture": "cascade",
      },
      "rank": "10",
      "suit": "clubs",
    },
    {
      "location": {
        "data": [
          1,
          4,
        ],
        "fixture": "cascade",
      },
      "rank": "10",
      "suit": "diamonds",
    },
    {
      "location": {
        "data": [
          3,
          4,
        ],
        "fixture": "cascade",
      },
      "rank": "10",
      "suit": "hearts",
    },
    {
      "location": {
        "data": [
          2,
          3,
        ],
        "fixture": "cascade",
      },
      "rank": "10",
      "suit": "spades",
    },
    {
      "location": {
        "data": [
          3,
          0,
        ],
        "fixture": "cascade",
      },
      "rank": "jack",
      "suit": "clubs",
    },
    {
      "location": {
        "data": [
          0,
          0,
        ],
        "fixture": "cascade",
      },
      "rank": "jack",
      "suit": "diamonds",
    },
    {
      "location": {
        "data": [
          6,
          4,
        ],
        "fixture": "cascade",
      },
      "rank": "jack",
      "suit": "hearts",
    },
    {
      "location": {
        "data": [
          4,
          2,
        ],
        "fixture": "cascade",
      },
      "rank": "jack",
      "suit": "spades",
    },
    {
      "location": {
        "data": [
          5,
          1,
        ],
        "fixture": "cascade",
      },
      "rank": "queen",
      "suit": "clubs",
    },
    {
      "location": {
        "data": [
          3,
          2,
        ],
        "fixture": "cascade",
      },
      "rank": "queen",
      "suit": "diamonds",
    },
    {
      "location": {
        "data": [
          3,
          3,
        ],
        "fixture": "cascade",
      },
      "rank": "queen",
      "suit": "hearts",
    },
    {
      "location": {
        "data": [
          3,
          5,
        ],
        "fixture": "cascade",
      },
      "rank": "queen",
      "suit": "spades",
    },
    {
      "location": {
        "data": [
          1,
          1,
        ],
        "fixture": "cascade",
      },
      "rank": "king",
      "suit": "clubs",
    },
    {
      "location": {
        "data": [
          0,
          1,
        ],
        "fixture": "cascade",
      },
      "rank": "king",
      "suit": "diamonds",
    },
    {
      "location": {
        "data": [
          6,
          1,
        ],
        "fixture": "cascade",
      },
      "rank": "king",
      "suit": "hearts",
    },
    {
      "location": {
        "data": [
          1,
          2,
        ],
        "fixture": "cascade",
      },
      "rank": "king",
      "suit": "spades",
    },
  ],
  "cells": [
    null,
    null,
    null,
    null,
  ],
  "deck": [],
  "foundations": [
    null,
    null,
    null,
    null,
  ],
  "tableau": [
    [
      {
        "location": {
          "data": [
            0,
            0,
          ],
          "fixture": "cascade",
        },
        "rank": "jack",
        "suit": "diamonds",
      },
      {
        "location": {
          "data": [
            0,
            1,
          ],
          "fixture": "cascade",
        },
        "rank": "king",
        "suit": "diamonds",
      },
      {
        "location": {
          "data": [
            0,
            2,
          ],
          "fixture": "cascade",
        },
        "rank": "2",
        "suit": "spades",
      },
      {
        "location": {
          "data": [
            0,
            3,
          ],
          "fixture": "cascade",
        },
        "rank": "4",
        "suit": "clubs",
      },
      {
        "location": {
          "data": [
            0,
            4,
          ],
          "fixture": "cascade",
        },
        "rank": "3",
        "suit": "spades",
      },
      {
        "location": {
          "data": [
            0,
            5,
          ],
          "fixture": "cascade",
        },
        "rank": "6",
        "suit": "diamonds",
      },
      {
        "location": {
          "data": [
            0,
            6,
          ],
          "fixture": "cascade",
        },
        "rank": "6",
        "suit": "spades",
      },
    ],
    [
      {
        "location": {
          "data": [
            1,
            0,
          ],
          "fixture": "cascade",
        },
        "rank": "2",
        "suit": "diamonds",
      },
      {
        "location": {
          "data": [
            1,
            1,
          ],
          "fixture": "cascade",
        },
        "rank": "king",
        "suit": "clubs",
      },
      {
        "location": {
          "data": [
            1,
            2,
          ],
          "fixture": "cascade",
        },
        "rank": "king",
        "suit": "spades",
      },
      {
        "location": {
          "data": [
            1,
            3,
          ],
          "fixture": "cascade",
        },
        "rank": "5",
        "suit": "clubs",
      },
      {
        "location": {
          "data": [
            1,
            4,
          ],
          "fixture": "cascade",
        },
        "rank": "10",
        "suit": "diamonds",
      },
      {
        "location": {
          "data": [
            1,
            5,
          ],
          "fixture": "cascade",
        },
        "rank": "8",
        "suit": "spades",
      },
      {
        "location": {
          "data": [
            1,
            6,
          ],
          "fixture": "cascade",
        },
        "rank": "9",
        "suit": "clubs",
      },
    ],
    [
      {
        "location": {
          "data": [
            2,
            0,
          ],
          "fixture": "cascade",
        },
        "rank": "9",
        "suit": "hearts",
      },
      {
        "location": {
          "data": [
            2,
            1,
          ],
          "fixture": "cascade",
        },
        "rank": "9",
        "suit": "spades",
      },
      {
        "location": {
          "data": [
            2,
            2,
          ],
          "fixture": "cascade",
        },
        "rank": "9",
        "suit": "diamonds",
      },
      {
        "location": {
          "data": [
            2,
            3,
          ],
          "fixture": "cascade",
        },
        "rank": "10",
        "suit": "spades",
      },
      {
        "location": {
          "data": [
            2,
            4,
          ],
          "fixture": "cascade",
        },
        "rank": "4",
        "suit": "spades",
      },
      {
        "location": {
          "data": [
            2,
            5,
          ],
          "fixture": "cascade",
        },
        "rank": "8",
        "suit": "diamonds",
      },
      {
        "location": {
          "data": [
            2,
            6,
          ],
          "fixture": "cascade",
        },
        "rank": "2",
        "suit": "hearts",
      },
    ],
    [
      {
        "location": {
          "data": [
            3,
            0,
          ],
          "fixture": "cascade",
        },
        "rank": "jack",
        "suit": "clubs",
      },
      {
        "location": {
          "data": [
            3,
            1,
          ],
          "fixture": "cascade",
        },
        "rank": "5",
        "suit": "spades",
      },
      {
        "location": {
          "data": [
            3,
            2,
          ],
          "fixture": "cascade",
        },
        "rank": "queen",
        "suit": "diamonds",
      },
      {
        "location": {
          "data": [
            3,
            3,
          ],
          "fixture": "cascade",
        },
        "rank": "queen",
        "suit": "hearts",
      },
      {
        "location": {
          "data": [
            3,
            4,
          ],
          "fixture": "cascade",
        },
        "rank": "10",
        "suit": "hearts",
      },
      {
        "location": {
          "data": [
            3,
            5,
          ],
          "fixture": "cascade",
        },
        "rank": "queen",
        "suit": "spades",
      },
      {
        "location": {
          "data": [
            3,
            6,
          ],
          "fixture": "cascade",
        },
        "rank": "6",
        "suit": "hearts",
      },
    ],
    [
      {
        "location": {
          "data": [
            4,
            0,
          ],
          "fixture": "cascade",
        },
        "rank": "5",
        "suit": "diamonds",
      },
      {
        "location": {
          "data": [
            4,
            1,
          ],
          "fixture": "cascade",
        },
        "rank": "ace",
        "suit": "diamonds",
      },
      {
        "location": {
          "data": [
            4,
            2,
          ],
          "fixture": "cascade",
        },
        "rank": "jack",
        "suit": "spades",
      },
      {
        "location": {
          "data": [
            4,
            3,
          ],
          "fixture": "cascade",
        },
        "rank": "4",
        "suit": "hearts",
      },
      {
        "location": {
          "data": [
            4,
            4,
          ],
          "fixture": "cascade",
        },
        "rank": "8",
        "suit": "hearts",
      },
      {
        "location": {
          "data": [
            4,
            5,
          ],
          "fixture": "cascade",
        },
        "rank": "6",
        "suit": "clubs",
      },
    ],
    [
      {
        "location": {
          "data": [
            5,
            0,
          ],
          "fixture": "cascade",
        },
        "rank": "7",
        "suit": "hearts",
      },
      {
        "location": {
          "data": [
            5,
            1,
          ],
          "fixture": "cascade",
        },
        "rank": "queen",
        "suit": "clubs",
      },
      {
        "location": {
          "data": [
            5,
            2,
          ],
          "fixture": "cascade",
        },
        "rank": "ace",
        "suit": "spades",
      },
      {
        "location": {
          "data": [
            5,
            3,
          ],
          "fixture": "cascade",
        },
        "rank": "ace",
        "suit": "clubs",
      },
      {
        "location": {
          "data": [
            5,
            4,
          ],
          "fixture": "cascade",
        },
        "rank": "2",
        "suit": "clubs",
      },
      {
        "location": {
          "data": [
            5,
            5,
          ],
          "fixture": "cascade",
        },
        "rank": "3",
        "suit": "diamonds",
      },
    ],
    [
      {
        "location": {
          "data": [
            6,
            0,
          ],
          "fixture": "cascade",
        },
        "rank": "7",
        "suit": "clubs",
      },
      {
        "location": {
          "data": [
            6,
            1,
          ],
          "fixture": "cascade",
        },
        "rank": "king",
        "suit": "hearts",
      },
      {
        "location": {
          "data": [
            6,
            2,
          ],
          "fixture": "cascade",
        },
        "rank": "ace",
        "suit": "hearts",
      },
      {
        "location": {
          "data": [
            6,
            3,
          ],
          "fixture": "cascade",
        },
        "rank": "4",
        "suit": "diamonds",
      },
      {
        "location": {
          "data": [
            6,
            4,
          ],
          "fixture": "cascade",
        },
        "rank": "jack",
        "suit": "hearts",
      },
      {
        "location": {
          "data": [
            6,
            5,
          ],
          "fixture": "cascade",
        },
        "rank": "8",
        "suit": "clubs",
      },
    ],
    [
      {
        "location": {
          "data": [
            7,
            0,
          ],
          "fixture": "cascade",
        },
        "rank": "5",
        "suit": "hearts",
      },
      {
        "location": {
          "data": [
            7,
            1,
          ],
          "fixture": "cascade",
        },
        "rank": "3",
        "suit": "hearts",
      },
      {
        "location": {
          "data": [
            7,
            2,
          ],
          "fixture": "cascade",
        },
        "rank": "3",
        "suit": "clubs",
      },
      {
        "location": {
          "data": [
            7,
            3,
          ],
          "fixture": "cascade",
        },
        "rank": "7",
        "suit": "spades",
      },
      {
        "location": {
          "data": [
            7,
            4,
          ],
          "fixture": "cascade",
        },
        "rank": "7",
        "suit": "diamonds",
      },
      {
        "location": {
          "data": [
            7,
            5,
          ],
          "fixture": "cascade",
        },
        "rank": "10",
        "suit": "clubs",
      },
    ],
  ],
}
`;
