// Jest Snapshot v1, https://goo.gl/fbAQLP

exports[`Free Cell UI renders a game 1`] = `
<div>
  <main
    class="none common"
    tabindex="0"
  >
    <div
      class="hiddenDeckBack"
    >
      <img
        alt="card back"
        data-nimg="1"
        decoding="async"
        draggable="false"
        fetchpriority="high"
        height="0"
        src="/i/Card_back_10.svg"
        style="color: transparent;"
        width="0"
      />
    </div>
    <div
      id="piles"
    >
      <div
        class="pile cursorPile"
        id="pilemarker-a-1-0"
        style="top: 6px; left: 11px; width: 8px; height: 18px;"
      />
      <div
        class="pile"
        id="pilemarker-b-2-0"
        style="top: 6px; left: 21px; width: 8px; height: 18px;"
      />
      <div
        class="pile"
        id="pilemarker-c-3-0"
        style="top: 6px; left: 31px; width: 8px; height: 18px;"
      />
      <div
        class="pile"
        id="pilemarker-d-4-0"
        style="top: 6px; left: 41px; width: 8px; height: 18px;"
      />
      <div
        class="pile"
        id="pilemarker-h-1-0"
        style="top: 6px; left: 51px; width: 8px; height: 18px;"
      />
      <div
        class="pile"
        id="pilemarker-h-2-0"
        style="top: 6px; left: 61px; width: 8px; height: 18px;"
      />
      <div
        class="pile"
        id="pilemarker-h-3-0"
        style="top: 6px; left: 71px; width: 8px; height: 18px;"
      />
      <div
        class="pile"
        id="pilemarker-h-4-0"
        style="top: 6px; left: 81px; width: 8px; height: 18px;"
      />
      <div
        class="pile"
        id="pilemarker-1-1-0"
        style="top: 21px; left: 11px; width: 8px; height: 18px;"
      />
      <div
        class="pile"
        id="pilemarker-2-2-0"
        style="top: 21px; left: 21px; width: 8px; height: 18px;"
      />
      <div
        class="pile"
        id="pilemarker-3-3-0"
        style="top: 21px; left: 31px; width: 8px; height: 18px;"
      />
      <div
        class="pile"
        id="pilemarker-4-4-0"
        style="top: 21px; left: 41px; width: 8px; height: 18px;"
      />
      <div
        class="pile"
        id="pilemarker-5-5-0"
        style="top: 21px; left: 51px; width: 8px; height: 18px;"
      />
      <div
        class="pile"
        id="pilemarker-6-6-0"
        style="top: 21px; left: 61px; width: 8px; height: 18px;"
      />
      <div
        class="pile"
        id="pilemarker-7-7-0"
        style="top: 21px; left: 71px; width: 8px; height: 18px;"
      />
      <div
        class="pile"
        id="pilemarker-8-8-0"
        style="top: 21px; left: 81px; width: 8px; height: 18px;"
      />
    </div>
    <div
      id="cards"
    >
      <div
        class="card"
        data-left="60"
        data-top="20"
        data-zindex="0"
        id="cAC-0"
      >
        <img
          alt="ace of clubs"
          data-nimg="1"
          decoding="async"
          draggable="false"
          fetchpriority="high"
          height="14"
          src="http://localhost/i/SVG-cards-1.3/ace_of_clubs.svg"
          style="color: transparent;"
          width="10"
        />
      </div>
      <div
        class="card"
        data-left="10"
        data-top="25"
        data-zindex="5"
        id="cAD-0"
      >
        <img
          alt="ace of diamonds"
          data-nimg="1"
          decoding="async"
          draggable="false"
          fetchpriority="high"
          height="14"
          src="http://localhost/i/SVG-cards-1.3/ace_of_diamonds.svg"
          style="color: transparent;"
          width="10"
        />
      </div>
      <div
        class="card"
        data-left="80"
        data-top="23"
        data-zindex="3"
        id="cAH-0"
      >
        <img
          alt="ace of hearts"
          data-nimg="1"
          decoding="async"
          draggable="false"
          fetchpriority="high"
          height="14"
          src="http://localhost/i/SVG-cards-1.3/ace_of_hearts.svg"
          style="color: transparent;"
          width="10"
        />
      </div>
      <div
        class="card"
        data-left="20"
        data-top="25"
        data-zindex="5"
        id="cAS-0"
      >
        <img
          alt="ace of spades"
          data-nimg="1"
          decoding="async"
          draggable="false"
          fetchpriority="high"
          height="14"
          src="http://localhost/i/SVG-cards-1.3/ace_of_spades.svg"
          style="color: transparent;"
          width="10"
        />
      </div>
      <div
        class="card"
        data-left="70"
        data-top="23"
        data-zindex="3"
        id="c2C-0"
      >
        <img
          alt="2 of clubs"
          data-nimg="1"
          decoding="async"
          draggable="false"
          fetchpriority="high"
          height="14"
          src="http://localhost/i/SVG-cards-1.3/2_of_clubs.svg"
          style="color: transparent;"
          width="10"
        />
      </div>
      <div
        class="card"
        data-left="30"
        data-top="22"
        data-zindex="2"
        id="c2D-0"
      >
        <img
          alt="2 of diamonds"
          data-nimg="1"
          decoding="async"
          draggable="false"
          fetchpriority="high"
          height="14"
          src="http://localhost/i/SVG-cards-1.3/2_of_diamonds.svg"
          style="color: transparent;"
          width="10"
        />
      </div>
      <div
        class="card"
        data-left="30"
        data-top="26"
        data-zindex="6"
        id="c2H-0"
      >
        <img
          alt="2 of hearts"
          data-nimg="1"
          decoding="async"
          draggable="false"
          fetchpriority="high"
          height="14"
          src="http://localhost/i/SVG-cards-1.3/2_of_hearts.svg"
          style="color: transparent;"
          width="10"
        />
      </div>
      <div
        class="card"
        data-left="10"
        data-top="26"
        data-zindex="6"
        id="c2S-0"
      >
        <img
          alt="2 of spades"
          data-nimg="1"
          decoding="async"
          draggable="false"
          fetchpriority="high"
          height="14"
          src="http://localhost/i/SVG-cards-1.3/2_of_spades.svg"
          style="color: transparent;"
          width="10"
        />
      </div>
      <div
        class="card"
        data-left="60"
        data-top="21"
        data-zindex="1"
        id="c3C-0"
      >
        <img
          alt="3 of clubs"
          data-nimg="1"
          decoding="async"
          draggable="false"
          fetchpriority="high"
          height="14"
          src="http://localhost/i/SVG-cards-1.3/3_of_clubs.svg"
          style="color: transparent;"
          width="10"
        />
      </div>
      <div
        class="card"
        data-left="80"
        data-top="22"
        data-zindex="2"
        id="c3D-0"
      >
        <img
          alt="3 of diamonds"
          data-nimg="1"
          decoding="async"
          draggable="false"
          fetchpriority="high"
          height="14"
          src="http://localhost/i/SVG-cards-1.3/3_of_diamonds.svg"
          style="color: transparent;"
          width="10"
        />
      </div>
      <div
        class="card"
        data-left="70"
        data-top="24"
        data-zindex="4"
        id="c3H-0"
      >
        <img
          alt="3 of hearts"
          data-nimg="1"
          decoding="async"
          draggable="false"
          fetchpriority="high"
          height="14"
          src="http://localhost/i/SVG-cards-1.3/3_of_hearts.svg"
          style="color: transparent;"
          width="10"
        />
      </div>
      <div
        class="card"
        data-left="80"
        data-top="21"
        data-zindex="1"
        id="c3S-0"
      >
        <img
          alt="3 of spades"
          data-nimg="1"
          decoding="async"
          draggable="false"
          fetchpriority="high"
          height="14"
          src="http://localhost/i/SVG-cards-1.3/3_of_spades.svg"
          style="color: transparent;"
          width="10"
        />
      </div>
      <div
        class="card"
        data-left="20"
        data-top="26"
        data-zindex="6"
        id="c4C-0"
      >
        <img
          alt="4 of clubs"
          data-nimg="1"
          decoding="async"
          draggable="false"
          fetchpriority="high"
          height="14"
          src="http://localhost/i/SVG-cards-1.3/4_of_clubs.svg"
          style="color: transparent;"
          width="10"
        />
      </div>
      <div
        class="card"
        data-left="30"
        data-top="25"
        data-zindex="5"
        id="c4D-0"
      >
        <img
          alt="4 of diamonds"
          data-nimg="1"
          decoding="async"
          draggable="false"
          fetchpriority="high"
          height="14"
          src="http://localhost/i/SVG-cards-1.3/4_of_diamonds.svg"
          style="color: transparent;"
          width="10"
        />
      </div>
      <div
        class="card"
        data-left="70"
        data-top="25"
        data-zindex="5"
        id="c4H-0"
      >
        <img
          alt="4 of hearts"
          data-nimg="1"
          decoding="async"
          draggable="false"
          fetchpriority="high"
          height="14"
          src="http://localhost/i/SVG-cards-1.3/4_of_hearts.svg"
          style="color: transparent;"
          width="10"
        />
      </div>
      <div
        class="card"
        data-left="30"
        data-top="21"
        data-zindex="1"
        id="c4S-0"
      >
        <img
          alt="4 of spades"
          data-nimg="1"
          decoding="async"
          draggable="false"
          fetchpriority="high"
          height="14"
          src="http://localhost/i/SVG-cards-1.3/4_of_spades.svg"
          style="color: transparent;"
          width="10"
        />
      </div>
      <div
        class="card"
        data-left="50"
        data-top="22"
        data-zindex="2"
        id="c5C-0"
      >
        <img
          alt="5 of clubs"
          data-nimg="1"
          decoding="async"
          draggable="false"
          fetchpriority="high"
          height="14"
          src="http://localhost/i/SVG-cards-1.3/5_of_clubs.svg"
          style="color: transparent;"
          width="10"
        />
      </div>
      <div
        class="card"
        data-left="70"
        data-top="21"
        data-zindex="1"
        id="c5D-0"
      >
        <img
          alt="5 of diamonds"
          data-nimg="1"
          decoding="async"
          draggable="false"
          fetchpriority="high"
          height="14"
          src="http://localhost/i/SVG-cards-1.3/5_of_diamonds.svg"
          style="color: transparent;"
          width="10"
        />
      </div>
      <div
        class="card"
        data-left="20"
        data-top="20"
        data-zindex="0"
        id="c5H-0"
      >
        <img
          alt="5 of hearts"
          data-nimg="1"
          decoding="async"
          draggable="false"
          fetchpriority="high"
          height="14"
          src="http://localhost/i/SVG-cards-1.3/5_of_hearts.svg"
          style="color: transparent;"
          width="10"
        />
      </div>
      <div
        class="card"
        data-left="40"
        data-top="26"
        data-zindex="6"
        id="c5S-0"
      >
        <img
          alt="5 of spades"
          data-nimg="1"
          decoding="async"
          draggable="false"
          fetchpriority="high"
          height="14"
          src="http://localhost/i/SVG-cards-1.3/5_of_spades.svg"
          style="color: transparent;"
          width="10"
        />
      </div>
      <div
        class="card"
        data-left="80"
        data-top="20"
        data-zindex="0"
        id="c6C-0"
      >
        <img
          alt="6 of clubs"
          data-nimg="1"
          decoding="async"
          draggable="false"
          fetchpriority="high"
          height="14"
          src="http://localhost/i/SVG-cards-1.3/6_of_clubs.svg"
          style="color: transparent;"
          width="10"
        />
      </div>
      <div
        class="card"
        data-left="30"
        data-top="23"
        data-zindex="3"
        id="c6D-0"
      >
        <img
          alt="6 of diamonds"
          data-nimg="1"
          decoding="async"
          draggable="false"
          fetchpriority="high"
          height="14"
          src="http://localhost/i/SVG-cards-1.3/6_of_diamonds.svg"
          style="color: transparent;"
          width="10"
        />
      </div>
      <div
        class="card"
        data-left="10"
        data-top="21"
        data-zindex="1"
        id="c6H-0"
      >
        <img
          alt="6 of hearts"
          data-nimg="1"
          decoding="async"
          draggable="false"
          fetchpriority="high"
          height="14"
          src="http://localhost/i/SVG-cards-1.3/6_of_hearts.svg"
          style="color: transparent;"
          width="10"
        />
      </div>
      <div
        class="card"
        data-left="50"
        data-top="20"
        data-zindex="0"
        id="c6S-0"
      >
        <img
          alt="6 of spades"
          data-nimg="1"
          decoding="async"
          draggable="false"
          fetchpriority="high"
          height="14"
          src="http://localhost/i/SVG-cards-1.3/6_of_spades.svg"
          style="color: transparent;"
          width="10"
        />
      </div>
      <div
        class="card"
        data-left="80"
        data-top="25"
        data-zindex="5"
        id="c7C-0"
      >
        <img
          alt="7 of clubs"
          data-nimg="1"
          decoding="async"
          draggable="false"
          fetchpriority="high"
          height="14"
          src="http://localhost/i/SVG-cards-1.3/7_of_clubs.svg"
          style="color: transparent;"
          width="10"
        />
      </div>
      <div
        class="card"
        data-left="70"
        data-top="22"
        data-zindex="2"
        id="c7D-0"
      >
        <img
          alt="7 of diamonds"
          data-nimg="1"
          decoding="async"
          draggable="false"
          fetchpriority="high"
          height="14"
          src="http://localhost/i/SVG-cards-1.3/7_of_diamonds.svg"
          style="color: transparent;"
          width="10"
        />
      </div>
      <div
        class="card"
        data-left="10"
        data-top="24"
        data-zindex="4"
        id="c7H-0"
      >
        <img
          alt="7 of hearts"
          data-nimg="1"
          decoding="async"
          draggable="false"
          fetchpriority="high"
          height="14"
          src="http://localhost/i/SVG-cards-1.3/7_of_hearts.svg"
          style="color: transparent;"
          width="10"
        />
      </div>
      <div
        class="card"
        data-left="50"
        data-top="23"
        data-zindex="3"
        id="c7S-0"
      >
        <img
          alt="7 of spades"
          data-nimg="1"
          decoding="async"
          draggable="false"
          fetchpriority="high"
          height="14"
          src="http://localhost/i/SVG-cards-1.3/7_of_spades.svg"
          style="color: transparent;"
          width="10"
        />
      </div>
      <div
        class="card"
        data-left="40"
        data-top="22"
        data-zindex="2"
        id="c8C-0"
      >
        <img
          alt="8 of clubs"
          data-nimg="1"
          decoding="async"
          draggable="false"
          fetchpriority="high"
          height="14"
          src="http://localhost/i/SVG-cards-1.3/8_of_clubs.svg"
          style="color: transparent;"
          width="10"
        />
      </div>
      <div
        class="card"
        data-left="40"
        data-top="24"
        data-zindex="4"
        id="c8D-0"
      >
        <img
          alt="8 of diamonds"
          data-nimg="1"
          decoding="async"
          draggable="false"
          fetchpriority="high"
          height="14"
          src="http://localhost/i/SVG-cards-1.3/8_of_diamonds.svg"
          style="color: transparent;"
          width="10"
        />
      </div>
      <div
        class="card"
        data-left="20"
        data-top="24"
        data-zindex="4"
        id="c8H-0"
      >
        <img
          alt="8 of hearts"
          data-nimg="1"
          decoding="async"
          draggable="false"
          fetchpriority="high"
          height="14"
          src="http://localhost/i/SVG-cards-1.3/8_of_hearts.svg"
          style="color: transparent;"
          width="10"
        />
      </div>
      <div
        class="card"
        data-left="40"
        data-top="25"
        data-zindex="5"
        id="c8S-0"
      >
        <img
          alt="8 of spades"
          data-nimg="1"
          decoding="async"
          draggable="false"
          fetchpriority="high"
          height="14"
          src="http://localhost/i/SVG-cards-1.3/8_of_spades.svg"
          style="color: transparent;"
          width="10"
        />
      </div>
      <div
        class="card"
        data-left="60"
        data-top="23"
        data-zindex="3"
        id="c9C-0"
      >
        <img
          alt="9 of clubs"
          data-nimg="1"
          decoding="async"
          draggable="false"
          fetchpriority="high"
          height="14"
          src="http://localhost/i/SVG-cards-1.3/9_of_clubs.svg"
          style="color: transparent;"
          width="10"
        />
      </div>
      <div
        class="card"
        data-left="10"
        data-top="23"
        data-zindex="3"
        id="c9D-0"
      >
        <img
          alt="9 of diamonds"
          data-nimg="1"
          decoding="async"
          draggable="false"
          fetchpriority="high"
          height="14"
          src="http://localhost/i/SVG-cards-1.3/9_of_diamonds.svg"
          style="color: transparent;"
          width="10"
        />
      </div>
      <div
        class="card"
        data-left="20"
        data-top="23"
        data-zindex="3"
        id="c9H-0"
      >
        <img
          alt="9 of hearts"
          data-nimg="1"
          decoding="async"
          draggable="false"
          fetchpriority="high"
          height="14"
          src="http://localhost/i/SVG-cards-1.3/9_of_hearts.svg"
          style="color: transparent;"
          width="10"
        />
      </div>
      <div
        class="card"
        data-left="50"
        data-top="25"
        data-zindex="5"
        id="c9S-0"
      >
        <img
          alt="9 of spades"
          data-nimg="1"
          decoding="async"
          draggable="false"
          fetchpriority="high"
          height="14"
          src="http://localhost/i/SVG-cards-1.3/9_of_spades.svg"
          style="color: transparent;"
          width="10"
        />
      </div>
      <div
        class="card"
        data-left="40"
        data-top="20"
        data-zindex="0"
        id="cTC-0"
      >
        <img
          alt="10 of clubs"
          data-nimg="1"
          decoding="async"
          draggable="false"
          fetchpriority="high"
          height="14"
          src="http://localhost/i/SVG-cards-1.3/10_of_clubs.svg"
          style="color: transparent;"
          width="10"
        />
      </div>
      <div
        class="card"
        data-left="10"
        data-top="22"
        data-zindex="2"
        id="cTD-0"
      >
        <img
          alt="10 of diamonds"
          data-nimg="1"
          decoding="async"
          draggable="false"
          fetchpriority="high"
          height="14"
          src="http://localhost/i/SVG-cards-1.3/10_of_diamonds.svg"
          style="color: transparent;"
          width="10"
        />
      </div>
      <div
        class="card"
        data-left="10"
        data-top="20"
        data-zindex="0"
        id="cTH-0"
      >
        <img
          alt="10 of hearts"
          data-nimg="1"
          decoding="async"
          draggable="false"
          fetchpriority="high"
          height="14"
          src="http://localhost/i/SVG-cards-1.3/10_of_hearts.svg"
          style="color: transparent;"
          width="10"
        />
      </div>
      <div
        class="card"
        data-left="70"
        data-top="20"
        data-zindex="0"
        id="cTS-0"
      >
        <img
          alt="10 of spades"
          data-nimg="1"
          decoding="async"
          draggable="false"
          fetchpriority="high"
          height="14"
          src="http://localhost/i/SVG-cards-1.3/10_of_spades.svg"
          style="color: transparent;"
          width="10"
        />
      </div>
      <div
        class="card"
        data-left="40"
        data-top="23"
        data-zindex="3"
        id="cJC-0"
      >
        <img
          alt="jack of clubs"
          data-nimg="1"
          decoding="async"
          draggable="false"
          fetchpriority="high"
          height="14"
          src="http://localhost/i/SVG-cards-1.3/jack_of_clubs2.svg"
          style="color: transparent;"
          width="10"
        />
      </div>
      <div
        class="card"
        data-left="40"
        data-top="21"
        data-zindex="1"
        id="cJD-0"
      >
        <img
          alt="jack of diamonds"
          data-nimg="1"
          decoding="async"
          draggable="false"
          fetchpriority="high"
          height="14"
          src="http://localhost/i/SVG-cards-1.3/jack_of_diamonds2.svg"
          style="color: transparent;"
          width="10"
        />
      </div>
      <div
        class="card"
        data-left="80"
        data-top="24"
        data-zindex="4"
        id="cJH-0"
      >
        <img
          alt="jack of hearts"
          data-nimg="1"
          decoding="async"
          draggable="false"
          fetchpriority="high"
          height="14"
          src="http://localhost/i/SVG-cards-1.3/jack_of_hearts2.svg"
          style="color: transparent;"
          width="10"
        />
      </div>
      <div
        class="card"
        data-left="50"
        data-top="21"
        data-zindex="1"
        id="cJS-0"
      >
        <img
          alt="jack of spades"
          data-nimg="1"
          decoding="async"
          draggable="false"
          fetchpriority="high"
          height="14"
          src="http://localhost/i/SVG-cards-1.3/jack_of_spades2.svg"
          style="color: transparent;"
          width="10"
        />
      </div>
      <div
        class="card"
        data-left="60"
        data-top="24"
        data-zindex="4"
        id="cQC-0"
      >
        <img
          alt="queen of clubs"
          data-nimg="1"
          decoding="async"
          draggable="false"
          fetchpriority="high"
          height="14"
          src="http://localhost/i/SVG-cards-1.3/queen_of_clubs2.svg"
          style="color: transparent;"
          width="10"
        />
      </div>
      <div
        class="card"
        data-left="20"
        data-top="21"
        data-zindex="1"
        id="cQD-0"
      >
        <img
          alt="queen of diamonds"
          data-nimg="1"
          decoding="async"
          draggable="false"
          fetchpriority="high"
          height="14"
          src="http://localhost/i/SVG-cards-1.3/queen_of_diamonds2.svg"
          style="color: transparent;"
          width="10"
        />
      </div>
      <div
        class="card"
        data-left="20"
        data-top="22"
        data-zindex="2"
        id="cQH-0"
      >
        <img
          alt="queen of hearts"
          data-nimg="1"
          decoding="async"
          draggable="false"
          fetchpriority="high"
          height="14"
          src="http://localhost/i/SVG-cards-1.3/queen_of_hearts2.svg"
          style="color: transparent;"
          width="10"
        />
      </div>
      <div
        class="card"
        data-left="60"
        data-top="22"
        data-zindex="2"
        id="cQS-0"
      >
        <img
          alt="queen of spades"
          data-nimg="1"
          decoding="async"
          draggable="false"
          fetchpriority="high"
          height="14"
          src="http://localhost/i/SVG-cards-1.3/queen_of_spades2.svg"
          style="color: transparent;"
          width="10"
        />
      </div>
      <div
        class="card"
        data-left="50"
        data-top="24"
        data-zindex="4"
        id="cKC-0"
      >
        <img
          alt="king of clubs"
          data-nimg="1"
          decoding="async"
          draggable="false"
          fetchpriority="high"
          height="14"
          src="http://localhost/i/SVG-cards-1.3/king_of_clubs2.svg"
          style="color: transparent;"
          width="10"
        />
      </div>
      <div
        class="card"
        data-left="60"
        data-top="25"
        data-zindex="5"
        id="cKD-0"
      >
        <img
          alt="king of diamonds"
          data-nimg="1"
          decoding="async"
          draggable="false"
          fetchpriority="high"
          height="14"
          src="http://localhost/i/SVG-cards-1.3/king_of_diamonds2.svg"
          style="color: transparent;"
          width="10"
        />
      </div>
      <div
        class="card"
        data-left="30"
        data-top="24"
        data-zindex="4"
        id="cKH-0"
      >
        <img
          alt="king of hearts"
          data-nimg="1"
          decoding="async"
          draggable="false"
          fetchpriority="high"
          height="14"
          src="http://localhost/i/SVG-cards-1.3/king_of_hearts2.svg"
          style="color: transparent;"
          width="10"
        />
      </div>
      <div
        class="card"
        data-left="30"
        data-top="20"
        data-zindex="0"
        id="cKS-0"
      >
        <img
          alt="king of spades"
          data-nimg="1"
          decoding="async"
          draggable="false"
          fetchpriority="high"
          height="14"
          src="http://localhost/i/SVG-cards-1.3/king_of_spades2.svg"
          style="color: transparent;"
          width="10"
        />
      </div>
    </div>
    <button
      aria-label="Open settings dialog"
      class="btn square settingsButton"
      title="Settings"
    >
      <span
        class="squareText"
      >
        ⚙
        ︎
      </span>
    </button>
    <button
      aria-label="Undo previous action"
      class="btn square undoButton"
      title="Undo"
    >
      <span
        class="squareText"
      >
        ⎌
      </span>
    </button>
    <section
      class="status"
    >
      <label
        class="checkbox"
        for="showDebugInfo"
      >
        <input
          id="showDebugInfo"
          name="showDebugInfo"
          type="checkbox"
        />
        <span>
          Show Debug Info
        </span>
      </label>
      <span
        class="statusspacer"
      />
      <a
        href="/manualtesting"
      >
        ↗ Manual Testing
      </a>
      <span>
        vUnknown
      </span>
    </section>
  </main>
</div>
`;
