// Jest Snapshot v1, https://goo.gl/fbAQLP

exports[`FixtureSizes calcFixtureSizes adjust counts 1`] = `
{
  "boardHeight": 600,
  "boardWidth": 800,
  "cardHeight": 69,
  "cardWidth": 47.368,
  "deck": {
    "left": 63.158,
    "top": 517.2,
  },
  "home": {
    "cellLeft": [
      63.158,
      121.053,
      178.947,
      236.842,
      294.737,
      352.632,
    ],
    "foundationLeft": [
      515.789,
      573.684,
      631.579,
      689.474,
    ],
    "top": 13.8,
  },
  "tableau": {
    "cascadeLeft": [
      102.256,
      163.158,
      224.06,
      284.962,
      345.865,
      406.767,
      467.669,
      528.571,
      589.474,
      650.376,
    ],
    "offsetTop": 20.7,
    "top": 103.5,
  },
}
`;

exports[`FixtureSizes calcFixtureSizes basic 1`] = `
{
  "boardHeight": 600,
  "boardWidth": 800,
  "cardHeight": 80,
  "cardWidth": 55.385,
  "deck": {
    "left": 73.846,
    "top": 504,
  },
  "home": {
    "cellLeft": [
      73.846,
      141.538,
      209.231,
      276.923,
    ],
    "foundationLeft": [
      467.692,
      535.385,
      603.077,
      670.769,
    ],
    "top": 16,
  },
  "tableau": {
    "cascadeLeft": [
      123.077,
      194.286,
      265.495,
      336.703,
      407.912,
      479.121,
      550.33,
      621.538,
    ],
    "offsetTop": 24,
    "top": 120,
  },
}
`;

exports[`FixtureSizes calcFixtureSizes landscape 1`] = `
{
  "boardHeight": 600,
  "boardWidth": 800,
  "cardHeight": 69,
  "cardWidth": 48,
  "deck": {
    "left": 96,
    "top": 517.2,
  },
  "home": {
    "cellLeft": [
      96,
      160,
      224,
      288,
    ],
    "foundationLeft": [
      464,
      528,
      592,
      656,
    ],
    "top": 13.8,
  },
  "tableau": {
    "cascadeLeft": [
      160,
      221.714,
      283.429,
      345.143,
      406.857,
      468.571,
      530.286,
      592,
    ],
    "offsetTop": 20.7,
    "top": 103.5,
  },
}
`;

exports[`FixtureSizes calcFixtureSizes portait 1`] = `
{
  "boardHeight": 600,
  "boardWidth": 800,
  "cardHeight": 122,
  "cardWidth": 84.211,
  "deck": {
    "left": 14.035,
    "top": 441.4,
  },
  "home": {
    "cellLeft": [
      14.035,
      105.263,
      196.491,
      287.719,
    ],
    "foundationLeft": [
      428.07,
      519.298,
      610.526,
      701.754,
    ],
    "top": 36.6,
  },
  "tableau": {
    "cascadeLeft": [
      14.035,
      112.281,
      210.526,
      308.772,
      407.018,
      505.263,
      603.509,
      701.754,
    ],
    "offsetTop": 24.4,
    "top": 195.2,
  },
}
`;
